4623 6314 6913 10499 11958 13759 14056 23524 27835 27865
