1318 2104 3571 3895 4350 5828 8130 8468 8667 8987 9114 10856 10867 11953 12223 12361 13381 14143 14676 15167 15472 16910 17561 17613 18270 18337 19215 20716 21582
