964 1600 1983 2116 2409 2510 2551 2582 3069 3120 3151 3280 3642 3826 4502 4504 4599 4808 4963
