796 7846 12666 15902 25638 44709 46275 47166 48474
