605 1092 1177 1451 1615 1671 1732 1791 1993 2792 3123 3180 3673 3836 4119 4130 4461 4494 4736 4983 5022 6366 6435 7550 7725 8019 8102 8558 8790 8815 9565 9614
