38 365 448 524 1544 1584 1677 2062 2066 2147 2149 2392 2431 2736 3000 3418 4164 4259 4862 5000 5365 5415 5970 6149 6184
