468 480 587 757 1072 1245 1344 1715 1730 2472 2496 2950 3197 3557 3594 3789 3896 3975 4433 5604 5788 5830 6166 6240 6694 6851 7139 7966 8247 8493 8954 9040
