92 294 422 457 497 617 1001 1144 1185 1489 1824 1932 1969 1984 2177 2363
